../Core/Src/main.c:64:6:GPIO_Config	4	static
../Core/Src/main.c:73:6:ADC_Init	4	static
../Core/Src/main.c:97:9:Read_ADC	8	static
../Core/Src/main.c:106:6:Led_Init	4	static
../Core/Src/main.c:118:6:Led_On	4	static
../Core/Src/main.c:123:6:Led_Off	4	static
../Core/Src/main.c:129:6:time1	16	static
../Core/Src/main.c:142:5:main	8	static
../Core/Src/main.c:202:6:SystemClock_Config	88	static
../Core/Src/main.c:248:13:MX_GPIO_Init	16	static
../Core/Src/main.c:268:6:Error_Handler	4	static,ignoring_inline_asm
