../Core/Src/main.c:64:6:GPIO_Config	4	static
../Core/Src/main.c:73:6:ADC_Init	4	static
../Core/Src/main.c:100:9:Read_ADC	4	static
../Core/Src/main.c:109:6:Led_Init	4	static
../Core/Src/main.c:121:6:Led_On	4	static
../Core/Src/main.c:126:6:Led_Off	4	static
../Core/Src/main.c:132:6:time1	16	static
../Core/Src/main.c:145:5:main	8	static
../Core/Src/main.c:215:6:SystemClock_Config	88	static
../Core/Src/main.c:261:13:MX_GPIO_Init	16	static
../Core/Src/main.c:275:6:ADC_IRQHandler	8	static
../Core/Src/main.c:289:6:Error_Handler	4	static,ignoring_inline_asm
